[htmlbeans.com/html/montero/home.html]
[backblue.gif]
[fade.gif]
[index.html]
[htmlbeans.com/html/montero/css/bootstrap.css]
[htmlbeans.com/html/montero/css/fancybox.css]
[use.fontawesome.com/releases/v5.8.2/css/all.css]
[htmlbeans.com/html/montero/style.css]
[htmlbeans.com/html/montero/images/logo.png]
[htmlbeans.com/html/montero/images/img01.png]
[htmlbeans.com/html/montero/images/icon1.png]
[htmlbeans.com/html/montero/images/icon2.png]
[htmlbeans.com/html/montero/images/icon3.png]
[htmlbeans.com/html/montero/images/icon4.png]
[htmlbeans.com/html/montero/images/icon5.png]
[htmlbeans.com/html/montero/images/icon6.png]
[htmlbeans.com/html/montero/images/img02.jpg]
[htmlbeans.com/html/montero/images/img03.jpg]
[htmlbeans.com/html/montero/images/img04.jpg]
[htmlbeans.com/html/montero/images/img05.jpg]
[htmlbeans.com/html/montero/images/img06.jpg]
[htmlbeans.com/html/montero/images/img07.jpg]
[htmlbeans.com/html/montero/images/img08.png]
[htmlbeans.com/html/montero/images/img09.png]
[htmlbeans.com/html/montero/images/imgTxt.png]
[htmlbeans.com/html/montero/images/arrowTop.png]
[htmlbeans.com/html/montero/images/img10.png]
[htmlbeans.com/html/montero/images/img11.png]
[htmlbeans.com/html/montero/images/img12.png]
[htmlbeans.com/html/montero/images/img13.jpg]
[htmlbeans.com/html/montero/images/img14.png]
[htmlbeans.com/html/montero/images/img15.png]
[htmlbeans.com/html/montero/images/img19.png]
[htmlbeans.com/html/montero/images/img16.png]
[htmlbeans.com/html/montero/images/img17.png]
[htmlbeans.com/html/montero/images/img21.png]
[htmlbeans.com/html/montero/images/img18.png]
[htmlbeans.com/html/montero/images/img20.png]
[htmlbeans.com/html/montero/images/img22.png]
[htmlbeans.com/html/montero/images/logo2.png]
[htmlbeans.com/html/montero/images/ovel2.png]
[cdnjs.cloudflare.com/ajax/libs/modernizr/2.8.3/modernizr.min.js]
[cdnjs.cloudflare.com/ajax/libs/popper.js/1.14.7/umd/popper.min.js]
[code.jquery.com/jquery-3.3.1.min.js]
[stackpath.bootstrapcdn.com/bootstrap/4.3.1/js/bootstrap.min.js]
[htmlbeans.com/html/montero/js/formValidator.js]
[htmlbeans.com/html/montero/home.html]
[use.fontawesome.com/releases/v5.8.2/css/all.css]
[htmlbeans.com/html/montero/css/bootstrap.css]
[htmlbeans.com/html/montero/css/fancybox.css]
[htmlbeans.com/html/montero/fonts/Flaticon.eot]
[htmlbeans.com/html/montero/fonts/Flaticon.woff]
[htmlbeans.com/html/montero/js/jqueryCustom.js]
[htmlbeans.com/html/montero/fonts/Flaticond41d.eot]
[htmlbeans.com/html/montero/fonts/Flaticon.ttf]
[code.jquery.com/ui/1.12.1/jquery-ui.js]
[htmlbeans.com/html/montero/style.css]
[htmlbeans.com/html/montero/images/svg/puff.svg]
[htmlbeans.com/html/montero/fonts/Flaticon.svg]
[htmlbeans.com/html/montero/Flaticon.html]
